Archive member included because of file (symbol)

c:/program files (x86)/atmel/atmel toolchain/avr8 gcc/native/3.4.1061/avr8-gnu-toolchain/bin/../lib/gcc/avr/4.8.1/avr51\libgcc.a(_exit.o)
                              c:/program files (x86)/atmel/atmel toolchain/avr8 gcc/native/3.4.1061/avr8-gnu-toolchain/bin/../lib/gcc/avr/4.8.1/../../../../avr/lib/avr51/crtcan128.o (exit)
c:/program files (x86)/atmel/atmel toolchain/avr8 gcc/native/3.4.1061/avr8-gnu-toolchain/bin/../lib/gcc/avr/4.8.1/avr51\libgcc.a(_tablejump.o)
                              src/print_functions.o (__tablejump2__)
c:/program files (x86)/atmel/atmel toolchain/avr8 gcc/native/3.4.1061/avr8-gnu-toolchain/bin/../lib/gcc/avr/4.8.1/avr51\libgcc.a(_copy_data.o)
                              src/print_functions.o (__do_copy_data)
c:/program files (x86)/atmel/atmel toolchain/avr8 gcc/native/3.4.1061/avr8-gnu-toolchain/bin/../lib/gcc/avr/4.8.1/avr51\libgcc.a(_clear_bss.o)
                              src/can_application.o (__do_clear_bss)

Allocating common symbols
Common symbol       size              file

Ind_led             0x3               src/Indicator_Driver.o
mail_box_no         0x1               src/can_midleware.o
MboxControlReg      0x84              src/can_midleware.o
mutex_reg           0x1               src/can_midleware.o
event_can           0x1               src/can_midleware.o
event_can_dummy     0x1               src/can_midleware.o

Discarded input sections

 .data          0x00000000        0x0 c:/program files (x86)/atmel/atmel toolchain/avr8 gcc/native/3.4.1061/avr8-gnu-toolchain/bin/../lib/gcc/avr/4.8.1/../../../../avr/lib/avr51/crtcan128.o
 .bss           0x00000000        0x0 c:/program files (x86)/atmel/atmel toolchain/avr8 gcc/native/3.4.1061/avr8-gnu-toolchain/bin/../lib/gcc/avr/4.8.1/../../../../avr/lib/avr51/crtcan128.o
 .text          0x00000000        0x0 src/avr_isr_vectors.o
 .data          0x00000000        0x0 src/avr_isr_vectors.o
 .bss           0x00000000        0x0 src/avr_isr_vectors.o
 .text          0x00000000        0x0 src/can_application.o
 .data          0x00000000        0x0 src/can_application.o
 .bss           0x00000000        0x0 src/can_application.o
 .text.CAN_App_50ms_Task
                0x00000000        0x2 src/can_application.o
 .text.Can_AppLED
                0x00000000       0x46 src/can_application.o
 .text          0x00000000        0x0 src/can_driver.o
 .data          0x00000000        0x0 src/can_driver.o
 .bss           0x00000000        0x0 src/can_driver.o
 .text.Get_Mask_ID
                0x00000000       0x22 src/can_driver.o
 .text.Get_CAN_Timmer
                0x00000000       0x14 src/can_driver.o
 .text.Get_CAN_TTC_Timmer
                0x00000000       0x14 src/can_driver.o
 .text.CAN_MOB_SimpleMode_Set
                0x00000000       0x14 src/can_driver.o
 .text.CAN_Get_Status_Interrupt
                0x00000000       0x38 src/can_driver.o
 .text.Can_Service_Interrupt_control
                0x00000000       0x36 src/can_driver.o
 .text.Can_Tx_Msg
                0x00000000       0x60 src/can_driver.o
 .text          0x00000000        0x0 src/can_midleware.o
 .data          0x00000000        0x0 src/can_midleware.o
 .bss           0x00000000        0x0 src/can_midleware.o
 .text.CanMw_Update_App
                0x00000000        0x2 src/can_midleware.o
 .text.CanMw_Send_TX_Messages
                0x00000000       0x76 src/can_midleware.o
 .text.CanMw_Send_TX_Message
                0x00000000       0x3e src/can_midleware.o
 .text.CanMW_get_mutex
                0x00000000        0x6 src/can_midleware.o
 .bss.iCounter  0x00000000        0x1 src/can_midleware.o
 .text          0x00000000        0x0 src/hardware_init.o
 .data          0x00000000        0x0 src/hardware_init.o
 .bss           0x00000000        0x0 src/hardware_init.o
 .text          0x00000000        0x0 src/Indicator_Driver.o
 .data          0x00000000        0x0 src/Indicator_Driver.o
 .bss           0x00000000        0x0 src/Indicator_Driver.o
 .text.Led_Tx   0x00000000       0x16 src/Indicator_Driver.o
 .text.Led_Rx   0x00000000       0x16 src/Indicator_Driver.o
 .text          0x00000000        0x0 src/main.o
 .data          0x00000000        0x0 src/main.o
 .bss           0x00000000        0x0 src/main.o
 .text          0x00000000        0x0 src/print_functions.o
 .data          0x00000000        0x0 src/print_functions.o
 .bss           0x00000000        0x0 src/print_functions.o
 .text.HExChar  0x00000000       0x58 src/print_functions.o
 .progmem.gcc_sw_table.HExChar
                0x00000000       0x1e src/print_functions.o
 .text.HexByte  0x00000000       0x24 src/print_functions.o
 .text.Print_Buffer
                0x00000000       0x1e src/print_functions.o
 .rodata.str1.1
                0x00000000        0x2 src/print_functions.o
 .text.Print_BufferHEX
                0x00000000       0x32 src/print_functions.o
 .debug_info    0x00000000      0x1ed src/print_functions.o
 .debug_abbrev  0x00000000       0xea src/print_functions.o
 .debug_loc     0x00000000      0x3e7 src/print_functions.o
 .debug_aranges
                0x00000000       0x38 src/print_functions.o
 .debug_ranges  0x00000000       0x28 src/print_functions.o
 .debug_line    0x00000000      0x1c1 src/print_functions.o
 .debug_str     0x00000000      0x1bc src/print_functions.o
 .comment       0x00000000       0x31 src/print_functions.o
 .debug_frame   0x00000000       0x7c src/print_functions.o
 .text          0x00000000        0x0 src/schedule_callbacks.o
 .data          0x00000000        0x0 src/schedule_callbacks.o
 .bss           0x00000000        0x0 src/schedule_callbacks.o
 .text.schedule_callback_Mailbox0
                0x00000000        0x8 src/schedule_callbacks.o
 .text.schedule_callback_Mailbox1
                0x00000000        0x8 src/schedule_callbacks.o
 .text.schedule_callback_Mailbox2
                0x00000000        0x8 src/schedule_callbacks.o
 .text.schedule_callback_Mailbox3
                0x00000000        0x8 src/schedule_callbacks.o
 .text.schedule_callback_Mailbox4
                0x00000000        0x8 src/schedule_callbacks.o
 .text.schedule_callback_Mailbox5
                0x00000000        0x8 src/schedule_callbacks.o
 .text.schedule_callback_Mailbox6
                0x00000000        0x8 src/schedule_callbacks.o
 .text.schedule_callback_Mailbox7
                0x00000000        0x8 src/schedule_callbacks.o
 .text.schedule_callback_Mailbox8
                0x00000000        0x8 src/schedule_callbacks.o
 .text.schedule_callback_Mailbox9
                0x00000000        0x8 src/schedule_callbacks.o
 .text.schedule_callback_Mailbox10
                0x00000000        0x8 src/schedule_callbacks.o
 .text.schedule_callback_Mailbox11
                0x00000000        0x8 src/schedule_callbacks.o
 .text.schedule_callback_Mailbox12
                0x00000000        0x8 src/schedule_callbacks.o
 .text.schedule_callback_Mailbox13
                0x00000000        0x8 src/schedule_callbacks.o
 .text.schedule_callback_Mailbox14
                0x00000000        0x8 src/schedule_callbacks.o
 .text          0x00000000        0x0 src/system_callbacks.o
 .data          0x00000000        0x0 src/system_callbacks.o
 .bss           0x00000000        0x0 src/system_callbacks.o
 .text.cbSetupReply
                0x00000000       0xf4 src/system_callbacks.o
 .text          0x00000000        0x0 src/task_scheduler.o
 .data          0x00000000        0x0 src/task_scheduler.o
 .bss           0x00000000        0x0 src/task_scheduler.o
 .text.schedulerEnableInterrupt
                0x00000000        0x8 src/task_scheduler.o
 .text.schedulerEmptyfunction
                0x00000000        0x2 src/task_scheduler.o
 .text          0x00000000        0x0 src/timers_at90can128.o
 .data          0x00000000        0x0 src/timers_at90can128.o
 .bss           0x00000000        0x0 src/timers_at90can128.o
 .text.tmr0At90can128EnableInterrupts
                0x00000000        0x6 src/timers_at90can128.o
 .text.tmr0At90can128GetCount
                0x00000000        0x4 src/timers_at90can128.o
 .text.tmr0At90can128GetTop
                0x00000000        0x4 src/timers_at90can128.o
 .text.tmr0At90can128SetupT0
                0x00000000        0xc src/timers_at90can128.o
 .text          0x00000000        0x0 src/twi_at90can128.o
 .data          0x00000000        0x0 src/twi_at90can128.o
 .bss           0x00000000        0x0 src/twi_at90can128.o
 .text.twiAt90can128MasterSendMsg
                0x00000000       0x5e src/twi_at90can128.o
 .text.twiAt90can128MasterGetData
                0x00000000        0xa src/twi_at90can128.o
 .text.twiAt90can128SlaveGetData
                0x00000000        0xa src/twi_at90can128.o
 .text.twiAt90can128IsBusy
                0x00000000        0x6 src/twi_at90can128.o
 .text          0x00000000        0x0 src/usart.o
 .data          0x00000000        0x0 src/usart.o
 .bss           0x00000000        0x0 src/usart.o
 .text.usart_enable_interrupts
                0x00000000        0xc src/usart.o
 .text.usart_init
                0x00000000       0x6e src/usart.o
 .text.usart_disable_interrupts
                0x00000000        0xe src/usart.o
 .text.UART_Transmit
                0x00000000       0x10 src/usart.o
 .text.UART_StreamTransmit
                0x00000000       0x5c src/usart.o
 .text.UART_IsBusy
                0x00000000        0x6 src/usart.o
 .text.UART_setBusy
                0x00000000        0x6 src/usart.o
 .bss.uart_tx_len
                0x00000000        0x4 src/usart.o
 .rodata.usart_table
                0x00000000       0x2a src/usart.o
 .text          0x00000000        0x0 src/watchdog.o
 .data          0x00000000        0x0 src/watchdog.o
 .bss           0x00000000        0x0 src/watchdog.o
 .text.watchdog_off
                0x00000000       0x12 src/watchdog.o
 .text.watchdog_preescaler
                0x00000000        0xe src/watchdog.o
 .text          0x00000000        0x0 c:/program files (x86)/atmel/atmel toolchain/avr8 gcc/native/3.4.1061/avr8-gnu-toolchain/bin/../lib/gcc/avr/4.8.1/avr51\libgcc.a(_exit.o)
 .data          0x00000000        0x0 c:/program files (x86)/atmel/atmel toolchain/avr8 gcc/native/3.4.1061/avr8-gnu-toolchain/bin/../lib/gcc/avr/4.8.1/avr51\libgcc.a(_exit.o)
 .bss           0x00000000        0x0 c:/program files (x86)/atmel/atmel toolchain/avr8 gcc/native/3.4.1061/avr8-gnu-toolchain/bin/../lib/gcc/avr/4.8.1/avr51\libgcc.a(_exit.o)
 .text.libgcc.mul
                0x00000000        0x0 c:/program files (x86)/atmel/atmel toolchain/avr8 gcc/native/3.4.1061/avr8-gnu-toolchain/bin/../lib/gcc/avr/4.8.1/avr51\libgcc.a(_exit.o)
 .text.libgcc.div
                0x00000000        0x0 c:/program files (x86)/atmel/atmel toolchain/avr8 gcc/native/3.4.1061/avr8-gnu-toolchain/bin/../lib/gcc/avr/4.8.1/avr51\libgcc.a(_exit.o)
 .text.libgcc   0x00000000        0x0 c:/program files (x86)/atmel/atmel toolchain/avr8 gcc/native/3.4.1061/avr8-gnu-toolchain/bin/../lib/gcc/avr/4.8.1/avr51\libgcc.a(_exit.o)
 .text.libgcc.prologue
                0x00000000        0x0 c:/program files (x86)/atmel/atmel toolchain/avr8 gcc/native/3.4.1061/avr8-gnu-toolchain/bin/../lib/gcc/avr/4.8.1/avr51\libgcc.a(_exit.o)
 .text.libgcc.builtins
                0x00000000        0x0 c:/program files (x86)/atmel/atmel toolchain/avr8 gcc/native/3.4.1061/avr8-gnu-toolchain/bin/../lib/gcc/avr/4.8.1/avr51\libgcc.a(_exit.o)
 .text.libgcc.fmul
                0x00000000        0x0 c:/program files (x86)/atmel/atmel toolchain/avr8 gcc/native/3.4.1061/avr8-gnu-toolchain/bin/../lib/gcc/avr/4.8.1/avr51\libgcc.a(_exit.o)
 .text.libgcc.fixed
                0x00000000        0x0 c:/program files (x86)/atmel/atmel toolchain/avr8 gcc/native/3.4.1061/avr8-gnu-toolchain/bin/../lib/gcc/avr/4.8.1/avr51\libgcc.a(_exit.o)
 .text          0x00000000        0x0 c:/program files (x86)/atmel/atmel toolchain/avr8 gcc/native/3.4.1061/avr8-gnu-toolchain/bin/../lib/gcc/avr/4.8.1/avr51\libgcc.a(_tablejump.o)
 .data          0x00000000        0x0 c:/program files (x86)/atmel/atmel toolchain/avr8 gcc/native/3.4.1061/avr8-gnu-toolchain/bin/../lib/gcc/avr/4.8.1/avr51\libgcc.a(_tablejump.o)
 .bss           0x00000000        0x0 c:/program files (x86)/atmel/atmel toolchain/avr8 gcc/native/3.4.1061/avr8-gnu-toolchain/bin/../lib/gcc/avr/4.8.1/avr51\libgcc.a(_tablejump.o)
 .text.libgcc.mul
                0x00000000        0x0 c:/program files (x86)/atmel/atmel toolchain/avr8 gcc/native/3.4.1061/avr8-gnu-toolchain/bin/../lib/gcc/avr/4.8.1/avr51\libgcc.a(_tablejump.o)
 .text.libgcc.div
                0x00000000        0x0 c:/program files (x86)/atmel/atmel toolchain/avr8 gcc/native/3.4.1061/avr8-gnu-toolchain/bin/../lib/gcc/avr/4.8.1/avr51\libgcc.a(_tablejump.o)
 .text.libgcc.prologue
                0x00000000        0x0 c:/program files (x86)/atmel/atmel toolchain/avr8 gcc/native/3.4.1061/avr8-gnu-toolchain/bin/../lib/gcc/avr/4.8.1/avr51\libgcc.a(_tablejump.o)
 .text.libgcc.builtins
                0x00000000        0x0 c:/program files (x86)/atmel/atmel toolchain/avr8 gcc/native/3.4.1061/avr8-gnu-toolchain/bin/../lib/gcc/avr/4.8.1/avr51\libgcc.a(_tablejump.o)
 .text.libgcc.fmul
                0x00000000        0x0 c:/program files (x86)/atmel/atmel toolchain/avr8 gcc/native/3.4.1061/avr8-gnu-toolchain/bin/../lib/gcc/avr/4.8.1/avr51\libgcc.a(_tablejump.o)
 .text.libgcc.fixed
                0x00000000        0x0 c:/program files (x86)/atmel/atmel toolchain/avr8 gcc/native/3.4.1061/avr8-gnu-toolchain/bin/../lib/gcc/avr/4.8.1/avr51\libgcc.a(_tablejump.o)
 .text          0x00000000        0x0 c:/program files (x86)/atmel/atmel toolchain/avr8 gcc/native/3.4.1061/avr8-gnu-toolchain/bin/../lib/gcc/avr/4.8.1/avr51\libgcc.a(_copy_data.o)
 .data          0x00000000        0x0 c:/program files (x86)/atmel/atmel toolchain/avr8 gcc/native/3.4.1061/avr8-gnu-toolchain/bin/../lib/gcc/avr/4.8.1/avr51\libgcc.a(_copy_data.o)
 .bss           0x00000000        0x0 c:/program files (x86)/atmel/atmel toolchain/avr8 gcc/native/3.4.1061/avr8-gnu-toolchain/bin/../lib/gcc/avr/4.8.1/avr51\libgcc.a(_copy_data.o)
 .text.libgcc.mul
                0x00000000        0x0 c:/program files (x86)/atmel/atmel toolchain/avr8 gcc/native/3.4.1061/avr8-gnu-toolchain/bin/../lib/gcc/avr/4.8.1/avr51\libgcc.a(_copy_data.o)
 .text.libgcc.div
                0x00000000        0x0 c:/program files (x86)/atmel/atmel toolchain/avr8 gcc/native/3.4.1061/avr8-gnu-toolchain/bin/../lib/gcc/avr/4.8.1/avr51\libgcc.a(_copy_data.o)
 .text.libgcc   0x00000000        0x0 c:/program files (x86)/atmel/atmel toolchain/avr8 gcc/native/3.4.1061/avr8-gnu-toolchain/bin/../lib/gcc/avr/4.8.1/avr51\libgcc.a(_copy_data.o)
 .text.libgcc.prologue
                0x00000000        0x0 c:/program files (x86)/atmel/atmel toolchain/avr8 gcc/native/3.4.1061/avr8-gnu-toolchain/bin/../lib/gcc/avr/4.8.1/avr51\libgcc.a(_copy_data.o)
 .text.libgcc.builtins
                0x00000000        0x0 c:/program files (x86)/atmel/atmel toolchain/avr8 gcc/native/3.4.1061/avr8-gnu-toolchain/bin/../lib/gcc/avr/4.8.1/avr51\libgcc.a(_copy_data.o)
 .text.libgcc.fmul
                0x00000000        0x0 c:/program files (x86)/atmel/atmel toolchain/avr8 gcc/native/3.4.1061/avr8-gnu-toolchain/bin/../lib/gcc/avr/4.8.1/avr51\libgcc.a(_copy_data.o)
 .text.libgcc.fixed
                0x00000000        0x0 c:/program files (x86)/atmel/atmel toolchain/avr8 gcc/native/3.4.1061/avr8-gnu-toolchain/bin/../lib/gcc/avr/4.8.1/avr51\libgcc.a(_copy_data.o)
 .text          0x00000000        0x0 c:/program files (x86)/atmel/atmel toolchain/avr8 gcc/native/3.4.1061/avr8-gnu-toolchain/bin/../lib/gcc/avr/4.8.1/avr51\libgcc.a(_clear_bss.o)
 .data          0x00000000        0x0 c:/program files (x86)/atmel/atmel toolchain/avr8 gcc/native/3.4.1061/avr8-gnu-toolchain/bin/../lib/gcc/avr/4.8.1/avr51\libgcc.a(_clear_bss.o)
 .bss           0x00000000        0x0 c:/program files (x86)/atmel/atmel toolchain/avr8 gcc/native/3.4.1061/avr8-gnu-toolchain/bin/../lib/gcc/avr/4.8.1/avr51\libgcc.a(_clear_bss.o)
 .text.libgcc.mul
                0x00000000        0x0 c:/program files (x86)/atmel/atmel toolchain/avr8 gcc/native/3.4.1061/avr8-gnu-toolchain/bin/../lib/gcc/avr/4.8.1/avr51\libgcc.a(_clear_bss.o)
 .text.libgcc.div
                0x00000000        0x0 c:/program files (x86)/atmel/atmel toolchain/avr8 gcc/native/3.4.1061/avr8-gnu-toolchain/bin/../lib/gcc/avr/4.8.1/avr51\libgcc.a(_clear_bss.o)
 .text.libgcc   0x00000000        0x0 c:/program files (x86)/atmel/atmel toolchain/avr8 gcc/native/3.4.1061/avr8-gnu-toolchain/bin/../lib/gcc/avr/4.8.1/avr51\libgcc.a(_clear_bss.o)
 .text.libgcc.prologue
                0x00000000        0x0 c:/program files (x86)/atmel/atmel toolchain/avr8 gcc/native/3.4.1061/avr8-gnu-toolchain/bin/../lib/gcc/avr/4.8.1/avr51\libgcc.a(_clear_bss.o)
 .text.libgcc.builtins
                0x00000000        0x0 c:/program files (x86)/atmel/atmel toolchain/avr8 gcc/native/3.4.1061/avr8-gnu-toolchain/bin/../lib/gcc/avr/4.8.1/avr51\libgcc.a(_clear_bss.o)
 .text.libgcc.fmul
                0x00000000        0x0 c:/program files (x86)/atmel/atmel toolchain/avr8 gcc/native/3.4.1061/avr8-gnu-toolchain/bin/../lib/gcc/avr/4.8.1/avr51\libgcc.a(_clear_bss.o)
 .text.libgcc.fixed
                0x00000000        0x0 c:/program files (x86)/atmel/atmel toolchain/avr8 gcc/native/3.4.1061/avr8-gnu-toolchain/bin/../lib/gcc/avr/4.8.1/avr51\libgcc.a(_clear_bss.o)

Memory Configuration

Name             Origin             Length             Attributes
text             0x00000000         0x00020000         xr
data             0x00800100         0x0000ff00         rw !x
eeprom           0x00810000         0x00010000         rw !x
fuse             0x00820000         0x00000400         rw !x
lock             0x00830000         0x00000400         rw !x
signature        0x00840000         0x00000400         rw !x
user_signatures  0x00850000         0x00000400         rw !x
*default*        0x00000000         0xffffffff

Linker script and memory map

Address of section .data set to 0x800100
LOAD c:/program files (x86)/atmel/atmel toolchain/avr8 gcc/native/3.4.1061/avr8-gnu-toolchain/bin/../lib/gcc/avr/4.8.1/../../../../avr/lib/avr51/crtcan128.o
LOAD src/avr_isr_vectors.o
LOAD src/can_application.o
LOAD src/can_driver.o
LOAD src/can_midleware.o
LOAD src/hardware_init.o
LOAD src/Indicator_Driver.o
LOAD src/main.o
LOAD src/print_functions.o
LOAD src/schedule_callbacks.o
LOAD src/system_callbacks.o
LOAD src/task_scheduler.o
LOAD src/timers_at90can128.o
LOAD src/twi_at90can128.o
LOAD src/usart.o
LOAD src/watchdog.o
START GROUP
LOAD c:/program files (x86)/atmel/atmel toolchain/avr8 gcc/native/3.4.1061/avr8-gnu-toolchain/bin/../lib/gcc/avr/4.8.1/../../../../avr/lib/avr51\libm.a
END GROUP
START GROUP
LOAD c:/program files (x86)/atmel/atmel toolchain/avr8 gcc/native/3.4.1061/avr8-gnu-toolchain/bin/../lib/gcc/avr/4.8.1/avr51\libgcc.a
LOAD c:/program files (x86)/atmel/atmel toolchain/avr8 gcc/native/3.4.1061/avr8-gnu-toolchain/bin/../lib/gcc/avr/4.8.1/../../../../avr/lib/avr51\libm.a
LOAD c:/program files (x86)/atmel/atmel toolchain/avr8 gcc/native/3.4.1061/avr8-gnu-toolchain/bin/../lib/gcc/avr/4.8.1/../../../../avr/lib/avr51\libc.a
END GROUP

.hash
 *(.hash)

.dynsym
 *(.dynsym)

.dynstr
 *(.dynstr)

.gnu.version
 *(.gnu.version)

.gnu.version_d
 *(.gnu.version_d)

.gnu.version_r
 *(.gnu.version_r)

.rel.init
 *(.rel.init)

.rela.init
 *(.rela.init)

.rel.text
 *(.rel.text)
 *(.rel.text.*)
 *(.rel.gnu.linkonce.t*)

.rela.text
 *(.rela.text)
 *(.rela.text.*)
 *(.rela.gnu.linkonce.t*)

.rel.fini
 *(.rel.fini)

.rela.fini
 *(.rela.fini)

.rel.rodata
 *(.rel.rodata)
 *(.rel.rodata.*)
 *(.rel.gnu.linkonce.r*)

.rela.rodata
 *(.rela.rodata)
 *(.rela.rodata.*)
 *(.rela.gnu.linkonce.r*)

.rel.data
 *(.rel.data)
 *(.rel.data.*)
 *(.rel.gnu.linkonce.d*)

.rela.data
 *(.rela.data)
 *(.rela.data.*)
 *(.rela.gnu.linkonce.d*)

.rel.ctors
 *(.rel.ctors)

.rela.ctors
 *(.rela.ctors)

.rel.dtors
 *(.rel.dtors)

.rela.dtors
 *(.rela.dtors)

.rel.got
 *(.rel.got)

.rela.got
 *(.rela.got)

.rel.bss
 *(.rel.bss)

.rela.bss
 *(.rela.bss)

.rel.plt
 *(.rel.plt)

.rela.plt
 *(.rela.plt)

.text           0x00000000     0x1730
 *(.vectors)
 .vectors       0x00000000       0x94 c:/program files (x86)/atmel/atmel toolchain/avr8 gcc/native/3.4.1061/avr8-gnu-toolchain/bin/../lib/gcc/avr/4.8.1/../../../../avr/lib/avr51/crtcan128.o
                0x00000000                __vector_default
                0x00000000                __vectors
 *(.vectors)
 *(.progmem.gcc*)
 .progmem.gcc_sw_table.twiAt90can128EvaluateStep
                0x00000094      0x192 src/twi_at90can128.o
                0x00000226                . = ALIGN (0x2)
                0x00000226                __trampolines_start = .
 *(.trampolines)
 .trampolines   0x00000226        0x0 linker stubs
 *(.trampolines*)
                0x00000226                __trampolines_end = .
 *(.progmem*)
                0x00000226                . = ALIGN (0x2)
 *(.jumptables)
 *(.jumptables*)
 *(.lowtext)
 *(.lowtext*)
                0x00000226                __ctors_start = .
 *(.ctors)
                0x00000226                __ctors_end = .
                0x00000226                __dtors_start = .
 *(.dtors)
                0x00000226                __dtors_end = .
 SORT(*)(.ctors)
 SORT(*)(.dtors)
 *(.init0)
 .init0         0x00000226        0x0 c:/program files (x86)/atmel/atmel toolchain/avr8 gcc/native/3.4.1061/avr8-gnu-toolchain/bin/../lib/gcc/avr/4.8.1/../../../../avr/lib/avr51/crtcan128.o
                0x00000226                __init
 *(.init0)
 *(.init1)
 *(.init1)
 *(.init2)
 .init2         0x00000226        0xc c:/program files (x86)/atmel/atmel toolchain/avr8 gcc/native/3.4.1061/avr8-gnu-toolchain/bin/../lib/gcc/avr/4.8.1/../../../../avr/lib/avr51/crtcan128.o
 *(.init2)
 *(.init3)
 *(.init3)
 *(.init4)
 .init4         0x00000232       0x1a c:/program files (x86)/atmel/atmel toolchain/avr8 gcc/native/3.4.1061/avr8-gnu-toolchain/bin/../lib/gcc/avr/4.8.1/avr51\libgcc.a(_copy_data.o)
                0x00000232                __do_copy_data
 .init4         0x0000024c       0x10 c:/program files (x86)/atmel/atmel toolchain/avr8 gcc/native/3.4.1061/avr8-gnu-toolchain/bin/../lib/gcc/avr/4.8.1/avr51\libgcc.a(_clear_bss.o)
                0x0000024c                __do_clear_bss
 *(.init4)
 *(.init5)
 *(.init5)
 *(.init6)
 *(.init6)
 *(.init7)
 *(.init7)
 *(.init8)
 *(.init8)
 *(.init9)
 .init9         0x0000025c        0x6 c:/program files (x86)/atmel/atmel toolchain/avr8 gcc/native/3.4.1061/avr8-gnu-toolchain/bin/../lib/gcc/avr/4.8.1/../../../../avr/lib/avr51/crtcan128.o
 *(.init9)
 *(.text)
 .text          0x00000262        0x2 c:/program files (x86)/atmel/atmel toolchain/avr8 gcc/native/3.4.1061/avr8-gnu-toolchain/bin/../lib/gcc/avr/4.8.1/../../../../avr/lib/avr51/crtcan128.o
                0x00000262                __vector_22
                0x00000262                __vector_28
                0x00000262                __vector_1
                0x00000262                __vector_32
                0x00000262                __vector_34
                0x00000262                __vector_24
                0x00000262                __vector_12
                0x00000262                __bad_interrupt
                0x00000262                __vector_6
                0x00000262                __vector_31
                0x00000262                __vector_3
                0x00000262                __vector_23
                0x00000262                __vector_30
                0x00000262                __vector_25
                0x00000262                __vector_11
                0x00000262                __vector_13
                0x00000262                __vector_19
                0x00000262                __vector_7
                0x00000262                __vector_27
                0x00000262                __vector_5
                0x00000262                __vector_33
                0x00000262                __vector_4
                0x00000262                __vector_9
                0x00000262                __vector_2
                0x00000262                __vector_15
                0x00000262                __vector_36
                0x00000262                __vector_29
                0x00000262                __vector_8
                0x00000262                __vector_26
                0x00000262                __vector_14
                0x00000262                __vector_10
                0x00000262                __vector_20
                0x00000264                . = ALIGN (0x2)
 *(.text.*)
 .text.__vector_18
                0x00000264       0x56 src/avr_isr_vectors.o
                0x00000264                __vector_18
 .text.Can_App_Init
                0x000002ba       0xbe src/can_application.o
                0x000002ba                Can_App_Init
 .text.ErrorTask
                0x00000378       0x12 src/can_application.o
                0x00000378                ErrorTask
 .text.Can_App_IDLE_Hook
                0x0000038a       0x32 src/can_application.o
                0x0000038a                Can_App_IDLE_Hook
 .text.Get_CAN_ID
                0x000003bc       0x22 src/can_driver.o
                0x000003bc                Get_CAN_ID
 .text.Can_Set_MSG_ID
                0x000003de       0x1e src/can_driver.o
                0x000003de                Can_Set_MSG_ID
 .text.Can_Set_IDMask
                0x000003fc       0x1e src/can_driver.o
                0x000003fc                Can_Set_IDMask
 .text.Get_CAN_Tx_error
                0x0000041a        0x6 src/can_driver.o
                0x0000041a                Get_CAN_Tx_error
 .text.Get_CAN_Rx_error
                0x00000420        0x6 src/can_driver.o
                0x00000420                Get_CAN_Rx_error
 .text.Get_Can_Time_Stamp
                0x00000426       0x14 src/can_driver.o
                0x00000426                Get_Can_Time_Stamp
 .text.Can_Driver_Init
                0x0000043a       0x56 src/can_driver.o
                0x0000043a                Can_Driver_Init
 .text.CAN_MOB_Interrupt_Control
                0x00000490       0x3c src/can_driver.o
                0x00000490                CAN_MOB_Interrupt_Control
 .text.Can_Configure_MailBox
                0x000004cc       0x50 src/can_driver.o
                0x000004cc                Can_Configure_MailBox
 .text.CanMw_MailBox_Rx_Handler
                0x0000051c       0x8e src/can_midleware.o
                0x0000051c                CanMw_MailBox_Rx_Handler
 .text.CanMW_ReceivedRxHandle
                0x000005aa       0x1a src/can_midleware.o
                0x000005aa                CanMW_ReceivedRxHandle
 .text.CanMW_APP_Init
                0x000005c4        0xa src/can_midleware.o
                0x000005c4                CanMW_APP_Init
 .text.CanMW_InitMail_Box
                0x000005ce       0x38 src/can_midleware.o
                0x000005ce                CanMW_InitMail_Box
 .text.CanMW_ReSync_Driver
                0x00000606       0x76 src/can_midleware.o
                0x00000606                CanMW_ReSync_Driver
 .text.CanMW_ReConf_Driver
                0x0000067c       0x62 src/can_midleware.o
                0x0000067c                CanMW_ReConf_Driver
 .text.CanMW_set_mutex
                0x000006de        0x6 src/can_midleware.o
                0x000006de                CanMW_set_mutex
 .text.CanMW_Event_Get
                0x000006e4        0x6 src/can_midleware.o
                0x000006e4                CanMW_Event_Get
 .text.CanMW_Event_Clean
                0x000006ea        0x6 src/can_midleware.o
                0x000006ea                CanMW_Event_Clean
 .text.Get_Message_FromMbox
                0x000006f0       0x1c src/can_midleware.o
                0x000006f0                Get_Message_FromMbox
 .text.Get_MboxConfig
                0x0000070c       0x1c src/can_midleware.o
                0x0000070c                Get_MboxConfig
 .text.Write_Message_Mbox
                0x00000728       0x40 src/can_midleware.o
                0x00000728                Write_Message_Mbox
 .text.StatusCAN_Report_MCU
                0x00000768       0x68 src/can_midleware.o
                0x00000768                StatusCAN_Report_MCU
 .text.CAN_Main_Board_Init
                0x000007d0       0x18 src/hardware_init.o
                0x000007d0                CAN_Main_Board_Init
 .text.Led_Indicators_Init
                0x000007e8        0xe src/Indicator_Driver.o
                0x000007e8                Led_Indicators_Init
 .text.Led_Err  0x000007f6       0x16 src/Indicator_Driver.o
                0x000007f6                Led_Err
 .text.main     0x0000080c       0x24 src/main.o
                0x0000080c                main
 .text.timeout_callback_Mailbox0
                0x00000830       0x3e src/schedule_callbacks.o
                0x00000830                timeout_callback_Mailbox0
 .text.timeout_callback_Mailbox1
                0x0000086e       0x3e src/schedule_callbacks.o
                0x0000086e                timeout_callback_Mailbox1
 .text.timeout_callback_Mailbox2
                0x000008ac       0x3e src/schedule_callbacks.o
                0x000008ac                timeout_callback_Mailbox2
 .text.timeout_callback_Mailbox3
                0x000008ea       0x3e src/schedule_callbacks.o
                0x000008ea                timeout_callback_Mailbox3
 .text.timeout_callback_Mailbox4
                0x00000928       0x3e src/schedule_callbacks.o
                0x00000928                timeout_callback_Mailbox4
 .text.timeout_callback_Mailbox5
                0x00000966       0x3e src/schedule_callbacks.o
                0x00000966                timeout_callback_Mailbox5
 .text.timeout_callback_Mailbox6
                0x000009a4       0x3e src/schedule_callbacks.o
                0x000009a4                timeout_callback_Mailbox6
 .text.timeout_callback_Mailbox7
                0x000009e2       0x3e src/schedule_callbacks.o
                0x000009e2                timeout_callback_Mailbox7
 .text.timeout_callback_Mailbox8
                0x00000a20       0x3e src/schedule_callbacks.o
                0x00000a20                timeout_callback_Mailbox8
 .text.timeout_callback_Mailbox9
                0x00000a5e       0x3e src/schedule_callbacks.o
                0x00000a5e                timeout_callback_Mailbox9
 .text.timeout_callback_Mailbox10
                0x00000a9c       0x3e src/schedule_callbacks.o
                0x00000a9c                timeout_callback_Mailbox10
 .text.timeout_callback_Mailbox11
                0x00000ada       0x3e src/schedule_callbacks.o
                0x00000ada                timeout_callback_Mailbox11
 .text.timeout_callback_Mailbox12
                0x00000b18       0x3e src/schedule_callbacks.o
                0x00000b18                timeout_callback_Mailbox12
 .text.timeout_callback_Mailbox13
                0x00000b56       0x3e src/schedule_callbacks.o
                0x00000b56                timeout_callback_Mailbox13
 .text.timeout_callback_Mailbox14
                0x00000b94       0x3e src/schedule_callbacks.o
                0x00000b94                timeout_callback_Mailbox14
 .text.cbSetRXBuffer
                0x00000bd2       0x32 src/system_callbacks.o
                0x00000bd2                cbSetRXBuffer
 .text.cbSetTXBuffer
                0x00000c04       0x32 src/system_callbacks.o
                0x00000c04                cbSetTXBuffer
 .text.cbStartOfFrame
                0x00000c36       0x30 src/system_callbacks.o
                0x00000c36                cbStartOfFrame
 .text.cbValidateChecksum
                0x00000c66       0x32 src/system_callbacks.o
                0x00000c66                cbValidateChecksum
 .text.cbCommitData
                0x00000c98       0xc8 src/system_callbacks.o
                0x00000c98                cbCommitData
 .text.cbDecodeReceivedData
                0x00000d60       0x7a src/system_callbacks.o
                0x00000d60                cbDecodeReceivedData
 .text.cbCalculateChecksum
                0x00000dda       0x2a src/system_callbacks.o
                0x00000dda                cbCalculateChecksum
 .text.cbBuildDataFrame
                0x00000e04       0x70 src/system_callbacks.o
                0x00000e04                cbBuildDataFrame
 .text.cbFetchData
                0x00000e74       0x86 src/system_callbacks.o
                0x00000e74                cbFetchData
 .text.schedulerSetupItem
                0x00000efa       0x20 src/task_scheduler.o
                0x00000efa                schedulerSetupItem
 .text.schedulerInit
                0x00000f1a       0x16 src/task_scheduler.o
                0x00000f1a                schedulerInit
 .text.schedulerResetCount
                0x00000f30       0x12 src/task_scheduler.o
                0x00000f30                schedulerResetCount
 .text.schedulerEventHandler
                0x00000f42       0xee src/task_scheduler.o
                0x00000f42                schedulerEventHandler
 .text.tmr0At90can128Init
                0x00001030       0x2e src/timers_at90can128.o
                0x00001030                tmr0At90can128Init
 .text.tmr0At90can128areInterruptsEnabled
                0x0000105e        0x6 src/timers_at90can128.o
                0x0000105e                tmr0At90can128areInterruptsEnabled
 .text.tmr0At90can128SetCount
                0x00001064        0x4 src/timers_at90can128.o
                0x00001064                tmr0At90can128SetCount
 .text.tmr0At90can128SetTop
                0x00001068        0x4 src/timers_at90can128.o
                0x00001068                tmr0At90can128SetTop
 .text.tmr0At90can128SetupOC0A
                0x0000106c        0xc src/timers_at90can128.o
                0x0000106c                tmr0At90can128SetupOC0A
 .text.tmr0At90can128isOCF0AOn
                0x00001078        0x6 src/timers_at90can128.o
                0x00001078                tmr0At90can128isOCF0AOn
 .text.tmr0At90can128ClearOCF0A
                0x0000107e        0x4 src/timers_at90can128.o
                0x0000107e                tmr0At90can128ClearOCF0A
 .text.__vector_16
                0x00001082       0x14 src/timers_at90can128.o
                0x00001082                __vector_16
 .text.__vector_17
                0x00001096       0x14 src/timers_at90can128.o
                0x00001096                __vector_17
 .text.twiAt90can128Init
                0x000010aa       0x42 src/twi_at90can128.o
                0x000010aa                twiAt90can128Init
 .text.twiAt90can128EnableInterrupt
                0x000010ec       0x10 src/twi_at90can128.o
                0x000010ec                twiAt90can128EnableInterrupt
 .text.twiAt90can128EvaluateStep
                0x000010fc      0x3f0 src/twi_at90can128.o
                0x000010fc                twiAt90can128EvaluateStep
 .text.__vector_35
                0x000014ec       0x4e src/twi_at90can128.o
                0x000014ec                __vector_35
 .text.UART_Receive
                0x0000153a       0x24 src/usart.o
                0x0000153a                UART_Receive
 .text.__vector_21
                0x0000155e      0x1a4 src/usart.o
                0x0000155e                __vector_21
 .text.watchdog_reset
                0x00001702        0x4 src/watchdog.o
                0x00001702                watchdog_reset
 .text.watchdog_on
                0x00001706       0x1a src/watchdog.o
                0x00001706                watchdog_on
 .text.libgcc   0x00001720        0xc c:/program files (x86)/atmel/atmel toolchain/avr8 gcc/native/3.4.1061/avr8-gnu-toolchain/bin/../lib/gcc/avr/4.8.1/avr51\libgcc.a(_tablejump.o)
                0x00001720                __tablejump2__
                0x00001724                __tablejump__
                0x0000172c                . = ALIGN (0x2)
 *(.fini9)
 .fini9         0x0000172c        0x0 c:/program files (x86)/atmel/atmel toolchain/avr8 gcc/native/3.4.1061/avr8-gnu-toolchain/bin/../lib/gcc/avr/4.8.1/avr51\libgcc.a(_exit.o)
                0x0000172c                _exit
                0x0000172c                exit
 *(.fini9)
 *(.fini8)
 *(.fini8)
 *(.fini7)
 *(.fini7)
 *(.fini6)
 *(.fini6)
 *(.fini5)
 *(.fini5)
 *(.fini4)
 *(.fini4)
 *(.fini3)
 *(.fini3)
 *(.fini2)
 *(.fini2)
 *(.fini1)
 *(.fini1)
 *(.fini0)
 .fini0         0x0000172c        0x4 c:/program files (x86)/atmel/atmel toolchain/avr8 gcc/native/3.4.1061/avr8-gnu-toolchain/bin/../lib/gcc/avr/4.8.1/avr51\libgcc.a(_exit.o)
 *(.fini0)
                0x00001730                _etext = .

.data           0x00800100      0x10a load address 0x00001730
                0x00800100                PROVIDE (__data_start, .)
 *(.data)
 *(.data*)
 .data.targetMailbox
                0x00800100        0x1 src/system_callbacks.o
 .data.schedule
                0x00800101       0x69 src/task_scheduler.o
                0x00800101                schedule
 .data.periods  0x0080016a       0xa0 src/task_scheduler.o
                0x0080016a                periods
 *(.rodata)
 *(.rodata*)
 *(.gnu.linkonce.d*)
                0x0080020a                . = ALIGN (0x2)
                0x0080020a                _edata = .
                0x0080020a                PROVIDE (__data_end, .)

.bss            0x0080020a       0xcf
                0x0080020a                PROVIDE (__bss_start, .)
 *(.bss)
 *(.bss*)
 .bss.can_initialization
                0x0080020a        0x1 src/can_application.o
                0x0080020a                can_initialization
 .bss.dataBufferRX
                0x0080020b        0xe src/system_callbacks.o
 .bss.dataBufferTX
                0x00800219        0xe src/system_callbacks.o
 .bss.twiInProgress
                0x00800227        0x1 src/twi_at90can128.o
 .bss.twiSlaveDataIdx
                0x00800228        0x4 src/twi_at90can128.o
 .bss.twiSlaveDataLen
                0x0080022c        0x4 src/twi_at90can128.o
 .bss.twiMasterDataIdx
                0x00800230        0x4 src/twi_at90can128.o
 .bss.twiMasterDataLen
                0x00800234        0x4 src/twi_at90can128.o
 .bss.twiSlaveDataBuffer
                0x00800238        0x2 src/twi_at90can128.o
 .bss.twiMasterDataBuffer
                0x0080023a        0x2 src/twi_at90can128.o
 .bss.twiSla    0x0080023c        0x1 src/twi_at90can128.o
 .bss.uart_in_progress
                0x0080023d        0x1 src/usart.o
 .bss.uart_rx_idx
                0x0080023e        0x4 src/usart.o
 .bss.uart_tx_idx
                0x00800242        0x4 src/usart.o
 .bss.uart_rx_len
                0x00800246        0x4 src/usart.o
 .bss.uart_rx_buffer
                0x0080024a        0x2 src/usart.o
 .bss.uart_tx_buffer
                0x0080024c        0x2 src/usart.o
 *(COMMON)
 COMMON         0x0080024e       0x88 src/can_midleware.o
                0x0080024e                mail_box_no
                0x0080024f                MboxControlReg
                0x008002d3                mutex_reg
                0x008002d4                event_can
                0x008002d5                event_can_dummy
 COMMON         0x008002d6        0x3 src/Indicator_Driver.o
                0x008002d6                Ind_led
                0x008002d9                PROVIDE (__bss_end, .)
                0x00001730                __data_load_start = LOADADDR (.data)
                0x0000183a                __data_load_end = (__data_load_start + SIZEOF (.data))

.noinit         0x008002d9        0x0
                0x008002d9                PROVIDE (__noinit_start, .)
 *(.noinit*)
                0x008002d9                PROVIDE (__noinit_end, .)
                0x008002d9                _end = .
                0x008002d9                PROVIDE (__heap_start, .)

.eeprom         0x00810000        0x0
 *(.eeprom*)
                0x00810000                __eeprom_end = .

.fuse
 *(.fuse)
 *(.lfuse)
 *(.hfuse)
 *(.efuse)

.lock
 *(.lock*)

.signature
 *(.signature*)

.user_signatures
 *(.user_signatures*)

.stab
 *(.stab)

.stabstr
 *(.stabstr)

.stab.excl
 *(.stab.excl)

.stab.exclstr
 *(.stab.exclstr)

.stab.index
 *(.stab.index)

.stab.indexstr
 *(.stab.indexstr)

.comment        0x00000000       0x30
 *(.comment)
 .comment       0x00000000       0x30 src/avr_isr_vectors.o
                                 0x31 (size before relaxing)
 .comment       0x00000000       0x31 src/can_application.o
 .comment       0x00000000       0x31 src/can_driver.o
 .comment       0x00000000       0x31 src/can_midleware.o
 .comment       0x00000000       0x31 src/hardware_init.o
 .comment       0x00000000       0x31 src/Indicator_Driver.o
 .comment       0x00000000       0x31 src/main.o
 .comment       0x00000000       0x31 src/schedule_callbacks.o
 .comment       0x00000000       0x31 src/system_callbacks.o
 .comment       0x00000000       0x31 src/task_scheduler.o
 .comment       0x00000000       0x31 src/timers_at90can128.o
 .comment       0x00000000       0x31 src/twi_at90can128.o
 .comment       0x00000000       0x31 src/usart.o
 .comment       0x00000000       0x31 src/watchdog.o

.note.gnu.build-id
 *(.note.gnu.build-id)

.debug
 *(.debug)

.line
 *(.line)

.debug_srcinfo
 *(.debug_srcinfo)

.debug_sfnames
 *(.debug_sfnames)

.debug_aranges  0x00000000      0x538
 *(.debug_aranges)
 .debug_aranges
                0x00000000       0x20 src/avr_isr_vectors.o
 .debug_aranges
                0x00000020       0x40 src/can_application.o
 .debug_aranges
                0x00000060       0x98 src/can_driver.o
 .debug_aranges
                0x000000f8       0xa0 src/can_midleware.o
 .debug_aranges
                0x00000198       0x20 src/hardware_init.o
 .debug_aranges
                0x000001b8       0x38 src/Indicator_Driver.o
 .debug_aranges
                0x000001f0       0x20 src/main.o
 .debug_aranges
                0x00000210      0x108 src/schedule_callbacks.o
 .debug_aranges
                0x00000318       0x68 src/system_callbacks.o
 .debug_aranges
                0x00000380       0x48 src/task_scheduler.o
 .debug_aranges
                0x000003c8       0x80 src/timers_at90can128.o
 .debug_aranges
                0x00000448       0x58 src/twi_at90can128.o
 .debug_aranges
                0x000004a0       0x60 src/usart.o
 .debug_aranges
                0x00000500       0x38 src/watchdog.o

.debug_pubnames
 *(.debug_pubnames)

.debug_info     0x00000000     0x4367
 *(.debug_info .gnu.linkonce.wi.*)
 .debug_info    0x00000000       0xf8 src/avr_isr_vectors.o
 .debug_info    0x000000f8      0x86b src/can_application.o
 .debug_info    0x00000963      0x53e src/can_driver.o
 .debug_info    0x00000ea1      0x985 src/can_midleware.o
 .debug_info    0x00001826      0x17b src/hardware_init.o
 .debug_info    0x000019a1      0x165 src/Indicator_Driver.o
 .debug_info    0x00001b06      0x105 src/main.o
 .debug_info    0x00001c0b      0xc23 src/schedule_callbacks.o
 .debug_info    0x0000282e      0x878 src/system_callbacks.o
 .debug_info    0x000030a6      0x584 src/task_scheduler.o
 .debug_info    0x0000362a      0x25f src/timers_at90can128.o
 .debug_info    0x00003889      0x469 src/twi_at90can128.o
 .debug_info    0x00003cf2      0x53d src/usart.o
 .debug_info    0x0000422f      0x138 src/watchdog.o

.debug_abbrev   0x00000000     0x1299
 *(.debug_abbrev)
 .debug_abbrev  0x00000000       0xc3 src/avr_isr_vectors.o
 .debug_abbrev  0x000000c3      0x1ad src/can_application.o
 .debug_abbrev  0x00000270      0x190 src/can_driver.o
 .debug_abbrev  0x00000400      0x1f8 src/can_midleware.o
 .debug_abbrev  0x000005f8       0xb8 src/hardware_init.o
 .debug_abbrev  0x000006b0       0xc4 src/Indicator_Driver.o
 .debug_abbrev  0x00000774       0x71 src/main.o
 .debug_abbrev  0x000007e5      0x150 src/schedule_callbacks.o
 .debug_abbrev  0x00000935      0x200 src/system_callbacks.o
 .debug_abbrev  0x00000b35      0x184 src/task_scheduler.o
 .debug_abbrev  0x00000cb9      0x104 src/timers_at90can128.o
 .debug_abbrev  0x00000dbd      0x195 src/twi_at90can128.o
 .debug_abbrev  0x00000f52      0x29f src/usart.o
 .debug_abbrev  0x000011f1       0xa8 src/watchdog.o

.debug_line     0x00000000     0x24b9
 *(.debug_line .debug_line.* .debug_line_end)
 .debug_line    0x00000000       0xf1 src/avr_isr_vectors.o
 .debug_line    0x000000f1      0x23c src/can_application.o
 .debug_line    0x0000032d      0x3e2 src/can_driver.o
 .debug_line    0x0000070f      0x41a src/can_midleware.o
 .debug_line    0x00000b29      0x10b src/hardware_init.o
 .debug_line    0x00000c34      0x16c src/Indicator_Driver.o
 .debug_line    0x00000da0      0x138 src/main.o
 .debug_line    0x00000ed8      0x49c src/schedule_callbacks.o
 .debug_line    0x00001374      0x3f8 src/system_callbacks.o
 .debug_line    0x0000176c      0x1fd src/task_scheduler.o
 .debug_line    0x00001969      0x237 src/timers_at90can128.o
 .debug_line    0x00001ba0      0x55f src/twi_at90can128.o
 .debug_line    0x000020ff      0x2b1 src/usart.o
 .debug_line    0x000023b0      0x109 src/watchdog.o

.debug_frame    0x00000000      0xd64
 *(.debug_frame)
 .debug_frame   0x00000000       0x6c src/avr_isr_vectors.o
 .debug_frame   0x0000006c       0x90 src/can_application.o
 .debug_frame   0x000000fc      0x144 src/can_driver.o
 .debug_frame   0x00000240      0x1b8 src/can_midleware.o
 .debug_frame   0x000003f8       0x24 src/hardware_init.o
 .debug_frame   0x0000041c       0x54 src/Indicator_Driver.o
 .debug_frame   0x00000470       0x24 src/main.o
 .debug_frame   0x00000494      0x2e4 src/schedule_callbacks.o
 .debug_frame   0x00000778      0x188 src/system_callbacks.o
 .debug_frame   0x00000900       0xc4 src/task_scheduler.o
 .debug_frame   0x000009c4       0xfc src/timers_at90can128.o
 .debug_frame   0x00000ac0      0x10c src/twi_at90can128.o
 .debug_frame   0x00000bcc      0x144 src/usart.o
 .debug_frame   0x00000d10       0x54 src/watchdog.o

.debug_str      0x00000000     0x1bb5
 *(.debug_str)
 .debug_str     0x00000000      0x1a6 src/avr_isr_vectors.o
                                0x1da (size before relaxing)
 .debug_str     0x000001a6      0x879 src/can_application.o
                                0x9dd (size before relaxing)
 .debug_str     0x00000a1f      0x1eb src/can_driver.o
                                0x45c (size before relaxing)
 .debug_str     0x00000c0a      0x1f1 src/can_midleware.o
                                0xb06 (size before relaxing)
 .debug_str     0x00000dfb      0x107 src/hardware_init.o
                                0x260 (size before relaxing)
 .debug_str     0x00000f02       0x7f src/Indicator_Driver.o
                                0x21b (size before relaxing)
 .debug_str     0x00000f81       0x46 src/main.o
                                0x1d2 (size before relaxing)
 .debug_str     0x00000fc7      0x349 src/schedule_callbacks.o
                                0xa9e (size before relaxing)
 .debug_str     0x00001310      0x1ac src/system_callbacks.o
                                0x462 (size before relaxing)
 .debug_str     0x000014bc      0x180 src/task_scheduler.o
                                0x830 (size before relaxing)
 .debug_str     0x0000163c       0x82 src/timers_at90can128.o
                                0x29c (size before relaxing)
 .debug_str     0x000016be      0x1ad src/twi_at90can128.o
                                0x380 (size before relaxing)
 .debug_str     0x0000186b      0x309 src/usart.o
                                0x4b6 (size before relaxing)
 .debug_str     0x00001b74       0x41 src/watchdog.o
                                0x242 (size before relaxing)

.debug_loc      0x00000000     0x27f5
 *(.debug_loc)
 .debug_loc     0x00000000       0xcb src/avr_isr_vectors.o
 .debug_loc     0x000000cb       0xc7 src/can_application.o
 .debug_loc     0x00000192      0x65f src/can_driver.o
 .debug_loc     0x000007f1      0x510 src/can_midleware.o
 .debug_loc     0x00000d01      0x429 src/schedule_callbacks.o
 .debug_loc     0x0000112a      0xbb1 src/system_callbacks.o
 .debug_loc     0x00001cdb      0x1ff src/task_scheduler.o
 .debug_loc     0x00001eda       0xf4 src/timers_at90can128.o
 .debug_loc     0x00001fce      0x36f src/twi_at90can128.o
 .debug_loc     0x0000233d      0x476 src/usart.o
 .debug_loc     0x000027b3       0x42 src/watchdog.o

.debug_macinfo
 *(.debug_macinfo)

.debug_weaknames
 *(.debug_weaknames)

.debug_funcnames
 *(.debug_funcnames)

.debug_typenames
 *(.debug_typenames)

.debug_varnames
 *(.debug_varnames)

.debug_pubtypes
 *(.debug_pubtypes)

.debug_ranges   0x00000000      0x458
 *(.debug_ranges)
 .debug_ranges  0x00000000       0x10 src/avr_isr_vectors.o
 .debug_ranges  0x00000010       0x30 src/can_application.o
 .debug_ranges  0x00000040       0x88 src/can_driver.o
 .debug_ranges  0x000000c8       0x90 src/can_midleware.o
 .debug_ranges  0x00000158       0x10 src/hardware_init.o
 .debug_ranges  0x00000168       0x28 src/Indicator_Driver.o
 .debug_ranges  0x00000190       0x10 src/main.o
 .debug_ranges  0x000001a0       0xf8 src/schedule_callbacks.o
 .debug_ranges  0x00000298       0x58 src/system_callbacks.o
 .debug_ranges  0x000002f0       0x38 src/task_scheduler.o
 .debug_ranges  0x00000328       0x70 src/timers_at90can128.o
 .debug_ranges  0x00000398       0x48 src/twi_at90can128.o
 .debug_ranges  0x000003e0       0x50 src/usart.o
 .debug_ranges  0x00000430       0x28 src/watchdog.o

.debug_macro
 *(.debug_macro)
OUTPUT(AVRCanLink.elf elf32-avr)
LOAD linker stubs
